[tidic84.github.io/WallHack/index.html]
[backblue.gif]
[fade.gif]
[index.html]
[tidic84.github.io/WallHack/css/style_index.css]
[tidic84.github.io/WallHack/js/transition.js]
[tidic84.github.io/favicon.png]
[tidic84.github.io/WallHack/favicon.png]
[tidic84.github.io/WallHack/accueil.html]
[tidic84.github.io/WallHack/index.html]
[tidic84.github.io/WallHack/css/style_index.css]
[tidic84.github.io/favicon.html]
[tidic84.github.io/WallHack/resources/fonts/consolas.ttf]
[tidic84.github.io/WallHack/css/style_accueil.css]
[kit.fontawesome.com/275ad3a481.js]
[tidic84.github.io/WallHack/resources/images/logo/logo-black-bold-bg.png]
[tidic84.github.io/WallHack/documentation.html]
[tidic84.github.io/WallHack/credits.html]
[tidic84.github.io/WallHack/index-2.html]
[tidic84.github.io/WallHack/resources/images/logo/logo.png]
[tidic84.github.io/WallHack/js/accueil.js]
[cdn.jsdelivr.net/particles.js/2.0.0/particles.min.js]
[tidic84.github.io/WallHack/js/particles-js.js]
[tidic84.github.io/WallHack/accueil.html]
[tidic84.github.io/WallHack/resources/images/background/background.png]
[tidic84.github.io/WallHack/css/style_accueil.css]
[tidic84.github.io/WallHack/css/style_doc.css]
[tidic84.github.io/WallHack/documentation/phishing.html]
[tidic84.github.io/WallHack/documentation/f0d.html]
[tidic84.github.io/WallHack/documentation/dark web.html]
[tidic84.github.io/WallHack/documentation/crypto.html]
[tidic84.github.io/WallHack/documentation/kali.html]
[tidic84.github.io/WallHack/documentation/network.html]
[tidic84.github.io/WallHack/documentation/ddos.html]
[tidic84.github.io/WallHack/documentation/owasp.html]
[tidic84.github.io/WallHack/documentation.html]
[tidic84.github.io/WallHack/js/vanilla-tilt.js]
[tidic84.github.io/WallHack/css/style_credits.css]
[tidic84.github.io/WallHack/resources/musics/readmore.weba]
[tidic84.github.io/WallHack/js/main.js]
[tidic84.github.io/WallHack/credits.html]
[tidic84.github.io/WallHack/index-2.html]
[tidic84.github.io/WallHack/resources/images/background/doc-main-background.png]
[tidic84.github.io/WallHack/css/style_doc.css]
[tidic84.github.io/WallHack/css/documentations.css]
[tidic84.github.io/WallHack/documentation/phishing.html]
[tidic84.github.io/WallHack/js/docs.js]
[tidic84.github.io/WallHack/documentation/f0d.html]
[tidic84.github.io/WallHack/documentation/dark web.html]
[tidic84.github.io/WallHack/resources/images/docs/centralized-network.png]
[tidic84.github.io/WallHack/resources/images/docs/decentralized-network.png]
[tidic84.github.io/WallHack/resources/images/docs/chiffrement-symetrique.png]
[tidic84.github.io/WallHack/resources/images/docs/chiffrement-asymetrique.png]
[tidic84.github.io/WallHack/documentation/crypto.html]
[tidic84.github.io/WallHack/resources/images/docs/kali.png]
[tidic84.github.io/WallHack/documentation/kali.html]
[tidic84.github.io/WallHack/documentation/network.html]
[tidic84.github.io/WallHack/resources/images/docs/zombies.png]
[tidic84.github.io/WallHack/documentation/ddos.html]
[tidic84.github.io/WallHack/documentation/owasp.html]
[tidic84.github.io/WallHack/resources/images/background/credits-background.png]
[tidic84.github.io/WallHack/css/style_credits.css]
[tidic84.github.io/WallHack/resources/images/background/documentation-background.png]
[tidic84.github.io/WallHack/css/documentations.css]
[tidic84.github.io/WallHack/documentation/favicon.html]
